test_01_unconnected_equal_id_rejected (test_audit_v4.AuditControls.test_01_unconnected_equal_id_rejected) ... ok
test_02_explicit_source_file_resolves (test_audit_v4.AuditControls.test_02_explicit_source_file_resolves) ... ok
test_03_different_same_level_definitions_are_ambiguous (test_audit_v4.AuditControls.test_03_different_same_level_definitions_are_ambiguous) ... ok
test_04_missing_additional_reference_stays_visible (test_audit_v4.AuditControls.test_04_missing_additional_reference_stays_visible) ... ok
test_05_wrong_speaker_is_not_full_match (test_audit_v4.AuditControls.test_05_wrong_speaker_is_not_full_match) ... ok
test_06_changed_quote_end_fails (test_audit_v4.AuditControls.test_06_changed_quote_end_fails) ... ok
test_07_short_quote_and_no_bound_transcript (test_audit_v4.AuditControls.test_07_short_quote_and_no_bound_transcript) ... ok
test_08_full_quote_matches (test_audit_v4.AuditControls.test_08_full_quote_matches) ... ok
test_09_wrong_relation_direction_does_not_resolve (test_audit_v4.AuditControls.test_09_wrong_relation_direction_does_not_resolve) ... ok
test_10_relation_fallback_does_not_hide_missing_direct_ref (test_audit_v4.AuditControls.test_10_relation_fallback_does_not_hide_missing_direct_ref) ... ok
test_11_author_apply_input_links_change (test_audit_v4.AuditControls.test_11_author_apply_input_links_change) ... ok
test_12_wrong_input_id_is_not_a_source (test_audit_v4.AuditControls.test_12_wrong_input_id_is_not_a_source) ... ok
test_13_missing_apply_is_not_proof_of_change (test_audit_v4.AuditControls.test_13_missing_apply_is_not_proof_of_change) ... ok
test_14_old_origin_does_not_prove_new_content (test_audit_v4.AuditControls.test_14_old_origin_does_not_prove_new_content) ... ok
test_15_history_note_can_link_change_run (test_audit_v4.AuditControls.test_15_history_note_can_link_change_run) ... ok
test_16_snapshot_is_not_definition (test_audit_v4.AuditControls.test_16_snapshot_is_not_definition) ... ok
test_17_unit_reference_missing_remains_missing (test_audit_v4.AuditControls.test_17_unit_reference_missing_remains_missing) ... ok
test_18_identical_copies_not_ambiguous (test_audit_v4.AuditControls.test_18_identical_copies_not_ambiguous) ... ok
test_19_two_run_directories_are_ambiguous (test_audit_v4.AuditControls.test_19_two_run_directories_are_ambiguous) ... ok
test_20_prepared_core_delta_requires_explicit_input_edge (test_audit_v4.AuditControls.test_20_prepared_core_delta_requires_explicit_input_edge) ... ok
test_21_change_with_other_statement_is_not_current_text_match (test_audit_v4.AuditControls.test_21_change_with_other_statement_is_not_current_text_match) ... ok
test_22_declared_ledger_wins_over_working_candidate (test_audit_v4.AuditControls.test_22_declared_ledger_wins_over_working_candidate) ... ok
test_23_long_manifest_prose_is_not_a_filesystem_path (test_audit_v4.AuditControls.test_23_long_manifest_prose_is_not_a_filesystem_path) ... ok
test_24_candidate_id_in_decision_is_not_candidate_definition (test_audit_v4.AuditControls.test_24_candidate_id_in_decision_is_not_candidate_definition) ... ok
test_25_named_run_and_explicit_metadata_input (test_audit_v4.AuditControls.test_25_named_run_and_explicit_metadata_input) ... ok
test_26_core_decision_target_is_not_external_claim (test_audit_v4.AuditControls.test_26_core_decision_target_is_not_external_claim) ... ok
test_27_applied_backlog_is_exact_producer_role (test_audit_v4.AuditControls.test_27_applied_backlog_is_exact_producer_role) ... ok
test_28_exact_input_resolves_ambiguity_in_broader_run (test_audit_v4.AuditControls.test_28_exact_input_resolves_ambiguity_in_broader_run) ... ok
test_29_old_edge_context_does_not_replace_current_reference (test_audit_v4.AuditControls.test_29_old_edge_context_does_not_replace_current_reference) ... ok
test_30_duplicate_input_id_in_one_file_is_ambiguous (test_audit_v4.AuditControls.test_30_duplicate_input_id_in_one_file_is_ambiguous) ... ok
test_31_equal_claim_text_different_units_is_ambiguous (test_audit_v4.AuditControls.test_31_equal_claim_text_different_units_is_ambiguous) ... ok
test_32_own_output_is_not_an_external_source_path (test_audit_v4.AuditControls.test_32_own_output_is_not_an_external_source_path) ... ok
test_33_supersede_apply_maps_new_id_while_plan_targets_old (test_audit_v4.AuditControls.test_33_supersede_apply_maps_new_id_while_plan_targets_old) ... ok
test_34_refine_target_must_match_apply_target (test_audit_v4.AuditControls.test_34_refine_target_must_match_apply_target) ... ok

----------------------------------------------------------------------
Ran 34 tests in 0.059s

OK
