{
  "summary": {
    "items": 237,
    "directDefinition": 147,
    "inputDefinition": 39,
    "producerDefinition": 147,
    "anyDefinitionOrContribution": 237,
    "referenceOrInputPathExcludingProducerOnly": 234,
    "withUnresolvedOrAmbiguousCurrentReferences": 33,
    "latestChange": {
      "not_applicable": 199,
      "linked_change_matching_text": 22,
      "no_linked_change": 14,
      "linked_change_without_text_match": 2
    }
  },
  "byItemType": {
    "architecture": {
      "items": 50,
      "directDefinition": 45,
      "inputDefinition": 6,
      "producerDefinition": 44,
      "anyDefinitionOrContribution": 50,
      "referenceOrInputPathExcludingProducerOnly": 49,
      "withUnresolvedOrAmbiguousCurrentReferences": 1,
      "latestChange": {
        "not_applicable": 48,
        "linked_change_matching_text": 2
      }
    },
    "decision": {
      "items": 15,
      "directDefinition": 5,
      "inputDefinition": 15,
      "producerDefinition": 0,
      "anyDefinitionOrContribution": 15,
      "referenceOrInputPathExcludingProducerOnly": 15,
      "withUnresolvedOrAmbiguousCurrentReferences": 1,
      "latestChange": {
        "not_applicable": 8,
        "no_linked_change": 7
      }
    },
    "feature": {
      "items": 16,
      "directDefinition": 0,
      "inputDefinition": 0,
      "producerDefinition": 0,
      "anyDefinitionOrContribution": 16,
      "referenceOrInputPathExcludingProducerOnly": 16,
      "withUnresolvedOrAmbiguousCurrentReferences": 0,
      "latestChange": {
        "not_applicable": 16
      }
    },
    "pbi": {
      "items": 49,
      "directDefinition": 0,
      "inputDefinition": 0,
      "producerDefinition": 30,
      "anyDefinitionOrContribution": 49,
      "referenceOrInputPathExcludingProducerOnly": 49,
      "withUnresolvedOrAmbiguousCurrentReferences": 24,
      "latestChange": {
        "not_applicable": 29,
        "linked_change_matching_text": 16,
        "linked_change_without_text_match": 2,
        "no_linked_change": 2
      }
    },
    "requirement": {
      "items": 107,
      "directDefinition": 97,
      "inputDefinition": 18,
      "producerDefinition": 73,
      "anyDefinitionOrContribution": 107,
      "referenceOrInputPathExcludingProducerOnly": 105,
      "withUnresolvedOrAmbiguousCurrentReferences": 7,
      "latestChange": {
        "not_applicable": 98,
        "no_linked_change": 5,
        "linked_change_matching_text": 4
      }
    }
  },
  "quoteChecks": {
    "body_only_prefix_differs": 104,
    "full_match": 52,
    "no_match": 14,
    "short": 3
  },
  "unitReferences": {
    "resolved": 158
  },
  "uniqueClaimDefinitions": 71,
  "readErrors": []
}
